

================================================================
== Synthesis Summary Report of 'Sobel'
================================================================
+ General Information: 
    * Date:           Sat Nov  4 18:29:44 2023
    * Version:        2020.2 (Build 3064766 on Wed Nov 18 09:12:47 MST 2020)
    * Project:        Grayscale_Soble
    * Solution:       solution1 (Vivado IP Flow Target)
    * Product family: zynquplus
    * Target device:  xczu3eg-sbva484-1-e
    

+ Performance & Resource Estimates: 
    
    PS: '+' for module; 'o' for loop; '*' for dataflow
    +--------------------------------------+------+-------+---------+-----------+----------+---------+------+----------+-----------+---------+-----------+-----------+-----+
    |                Modules               | Issue|       | Latency |  Latency  | Iteration|         | Trip |          |           |         |           |           |     |
    |                & Loops               | Type | Slack | (cycles)|    (ns)   |  Latency | Interval| Count| Pipelined|   BRAM    |   DSP   |     FF    |    LUT    | URAM|
    +--------------------------------------+------+-------+---------+-----------+----------+---------+------+----------+-----------+---------+-----------+-----------+-----+
    |+ Sobel                               |     -|  -0.20|        -|          -|         -|        -|     -|        no|  160 (37%)|  26 (7%)|  2858 (2%)|  5664 (8%)|    -|
    | o VITIS_LOOP_48_1                    |    II|  -7.30|        -|          -|         4|        4|     -|       yes|          -|        -|          -|          -|    -|
    | o VITIS_LOOP_97_3_VITIS_LOOP_98_4    |    II|  -7.30|    10020|  1.002e+05|        23|        2|  5000|       yes|          -|        -|          -|          -|    -|
    | o VITIS_LOOP_111_5_VITIS_LOOP_112_6  |     -|  -7.30|     5046|  5.046e+04|        48|        1|  5000|       yes|          -|        -|          -|          -|    -|
    +--------------------------------------+------+-------+---------+-----------+----------+---------+------+----------+-----------+---------+-----------+-----------+-----+

