

================================================================
== Synthesis Summary Report of 'example'
================================================================
+ General Information: 
    * Date:           Sat Nov  4 23:56:47 2023
    * Version:        2020.2 (Build 3064766 on Wed Nov 18 09:12:47 MST 2020)
    * Project:        AXI_Master
    * Solution:       solution1 (Vivado IP Flow Target)
    * Product family: zynquplus
    * Target device:  xczu3eg-sbva484-1-e
    

+ Performance & Resource Estimates: 
    
    PS: '+' for module; 'o' for loop; '*' for dataflow
    +-----------------------+--------+-------+---------+-----------+----------+---------+--------+----------+-----------+----+------------+-----------+-----+
    |        Modules        |  Issue |       | Latency |  Latency  | Iteration|         |  Trip  |          |           |    |            |           |     |
    |        & Loops        |  Type  | Slack | (cycles)|    (ns)   |  Latency | Interval|  Count | Pipelined|   BRAM    | DSP|     FF     |    LUT    | URAM|
    +-----------------------+--------+-------+---------+-----------+----------+---------+--------+----------+-----------+----+------------+-----------+-----+
    |+ example              |  Timing|   0.00|  1440081|  1.440e+07|         -|  1440082|       -|        no|  217 (50%)|   -|  1062 (~0%)|  1391 (1%)|    -|
    | o VITIS_LOOP_35_1     |       -|  -7.30|  1440080|  1.440e+07|    360020|        -|       4|        no|          -|   -|           -|          -|    -|
    |  o VITIS_LOOP_35_1.1  |       -|  -7.30|   120001|  1.200e+06|         3|        1|  120000|       yes|          -|   -|           -|          -|    -|
    |  o VITIS_LOOP_41_2    |       -|  -7.30|   120000|  1.200e+06|         2|        1|  120000|       yes|          -|   -|           -|          -|    -|
    |  o VITIS_LOOP_35_1.3  |       -|  -7.30|   120001|  1.200e+06|         3|        1|  120000|       yes|          -|   -|           -|          -|    -|
    +-----------------------+--------+-------+---------+-----------+----------+---------+--------+----------+-----------+----+------------+-----------+-----+

